// Jest Snapshot v1, https://goo.gl/fbAQLP

exports[`Quantity should match snapshot 1`] = `
<div>
  <div
    class="quantity__count"
    data-testid="quantity-count"
  >
    <button
      type="button"
    >
      -
    </button>
    <p>
      0 in Basket
    </p>
    <button
      type="button"
    >
       + 
    </button>
  </div>
</div>
`;
