// Jest Snapshot v1, https://goo.gl/fbAQLP

exports[`App should match the snapshot 1`] = `
<div>
  <input
    type="checkbox"
    value="Dark mode"
  />
  <span>
    Light mode
  </span>
  <div
    class="topnav__light"
    data-testid="nav-bar"
  >
    <a
      class="app__logo"
      href="/"
    >
      E-Shopper
    </a>
    <br />
    <div>
      <a
        href="/allOrder"
      >
        All Orders
      </a>
      <a
        class="active"
        href="/cart"
      >
        <img
          alt="Basket"
          id="basket__image"
          src="https://img.freepik.com/free-vector/empty-wicker-basket-flowers-large-birds-nest-eggs_135176-431.jpg?size=626&ext=jpg"
        />
        My Basket
        <span>
          0
        </span>
      </a>
    </div>
  </div>
  <div
    data-testid="home-page"
  >
    <h3>
       Fruits And Vegitables
    </h3>
    <div
      class="card__row"
    >
      <div
        class="card"
        data-testid="product-card"
      >
        <img
          alt="Banana"
          data-testid="product-image"
          id="banana__img"
          src="assets/fruits/banana.png"
        />
        <div
          class="container"
        >
          <h4>
            Fresho
          </h4>
          <p>
            <b>
              Banana
            </b>
          </p>
          <p>
            Quantity:
            1 kg
          </p>
          <div
            class="inner__card"
          >
            <p>
              40
              /-
            </p>
            <div
              class="quantity__count"
              data-testid="quantity-count"
            >
              <button
                type="button"
              >
                -
              </button>
              <p>
                0 in Basket
              </p>
              <button
                type="button"
              >
                 + 
              </button>
            </div>
          </div>
        </div>
      </div>
      <div
        class="card"
        data-testid="product-card"
      >
        <img
          alt="Banana"
          data-testid="product-image"
          id="banana__img"
          src="assets/fruits/mango.png"
        />
        <div
          class="container"
        >
          <h4>
            Fresho
          </h4>
          <p>
            <b>
              Mango
            </b>
          </p>
          <p>
            Quantity:
            1 kg
          </p>
          <div
            class="inner__card"
          >
            <p>
              40
              /-
            </p>
            <div
              class="quantity__count"
              data-testid="quantity-count"
            >
              <button
                type="button"
              >
                -
              </button>
              <p>
                0 in Basket
              </p>
              <button
                type="button"
              >
                 + 
              </button>
            </div>
          </div>
        </div>
      </div>
      <div
        class="card"
        data-testid="product-card"
      >
        <img
          alt="Banana"
          data-testid="product-image"
          id="banana__img"
          src="assets/fruits/orange.png"
        />
        <div
          class="container"
        >
          <h4>
            Fresho
          </h4>
          <p>
            <b>
              Orange
            </b>
          </p>
          <p>
            Quantity:
            1 kg
          </p>
          <div
            class="inner__card"
          >
            <p>
              40
              /-
            </p>
            <div
              class="quantity__count"
              data-testid="quantity-count"
            >
              <button
                type="button"
              >
                -
              </button>
              <p>
                0 in Basket
              </p>
              <button
                type="button"
              >
                 + 
              </button>
            </div>
          </div>
        </div>
      </div>
      <div
        class="card"
        data-testid="product-card"
      >
        <img
          alt="Banana"
          data-testid="product-image"
          id="banana__img"
          src="assets/fruits/apple.png"
        />
        <div
          class="container"
        >
          <h4>
            Fresho
          </h4>
          <p>
            <b>
              Apple
            </b>
          </p>
          <p>
            Quantity:
            1 kg
          </p>
          <div
            class="inner__card"
          >
            <p>
              40
              /-
            </p>
            <div
              class="quantity__count"
              data-testid="quantity-count"
            >
              <button
                type="button"
              >
                -
              </button>
              <p>
                0 in Basket
              </p>
              <button
                type="button"
              >
                 + 
              </button>
            </div>
          </div>
        </div>
      </div>
      <div
        class="card"
        data-testid="product-card"
      >
        <img
          alt="Banana"
          data-testid="product-image"
          id="banana__img"
          src="assets/fruits/strawberry.png"
        />
        <div
          class="container"
        >
          <h4>
            Fresho
          </h4>
          <p>
            <b>
              Strawberry
            </b>
          </p>
          <p>
            Quantity:
            1 kg
          </p>
          <div
            class="inner__card"
          >
            <p>
              40
              /-
            </p>
            <div
              class="quantity__count"
              data-testid="quantity-count"
            >
              <button
                type="button"
              >
                -
              </button>
              <p>
                0 in Basket
              </p>
              <button
                type="button"
              >
                 + 
              </button>
            </div>
          </div>
        </div>
      </div>
      <div
        class="card"
        data-testid="product-card"
      >
        <img
          alt="Banana"
          data-testid="product-image"
          id="banana__img"
          src="assets/fruits/strawberry.png"
        />
        <div
          class="container"
        >
          <h4>
            Fresho
          </h4>
          <p>
            <b>
              Strawberry
            </b>
          </p>
          <p>
            Quantity:
            1 kg
          </p>
          <div
            class="inner__card"
          >
            <p>
              40
              /-
            </p>
            <div
              class="quantity__count"
              data-testid="quantity-count"
            >
              <button
                type="button"
              >
                -
              </button>
              <p>
                0 in Basket
              </p>
              <button
                type="button"
              >
                 + 
              </button>
            </div>
          </div>
        </div>
      </div>
      <div
        class="card"
        data-testid="product-card"
      >
        <img
          alt="Banana"
          data-testid="product-image"
          id="banana__img"
          src="assets/fruits/strawberry.png"
        />
        <div
          class="container"
        >
          <h4>
            Fresho
          </h4>
          <p>
            <b>
              Strawberry
            </b>
          </p>
          <p>
            Quantity:
            1 kg
          </p>
          <div
            class="inner__card"
          >
            <p>
              40
              /-
            </p>
            <div
              class="quantity__count"
              data-testid="quantity-count"
            >
              <button
                type="button"
              >
                -
              </button>
              <p>
                0 in Basket
              </p>
              <button
                type="button"
              >
                 + 
              </button>
            </div>
          </div>
        </div>
      </div>
      <div
        class="card"
        data-testid="product-card"
      >
        <img
          alt="Banana"
          data-testid="product-image"
          id="banana__img"
          src="assets/fruits/strawberry.png"
        />
        <div
          class="container"
        >
          <h4>
            Fresho
          </h4>
          <p>
            <b>
              Strawberry
            </b>
          </p>
          <p>
            Quantity:
            1 kg
          </p>
          <div
            class="inner__card"
          >
            <p>
              40
              /-
            </p>
            <div
              class="quantity__count"
              data-testid="quantity-count"
            >
              <button
                type="button"
              >
                -
              </button>
              <p>
                0 in Basket
              </p>
              <button
                type="button"
              >
                 + 
              </button>
            </div>
          </div>
        </div>
      </div>
    </div>
  </div>
</div>
`;
